// Jest Snapshot v1, https://goo.gl/fbAQLP

exports[`accurately renders one pokemon object 1`] = `
<h1>
   
  bulbasaur
   
</h1>
`;
